::ffff:192.168.31.221 - - [06/Oct/2023:06:13:41 +0000] "GET /templates/empty.html HTTP/1.1" 304 - "http://192.168.31.221:5656/renderer/" "Mozilla/5.0 (Windows NT 10.0; Win64; x64) AppleWebKit/537.36 (KHTML, like Gecko) Chrome/116.0.0.0 Safari/537.36 OPR/102.0.0.0"
::ffff:192.168.31.152 - - [06/Oct/2023:06:13:41 +0000] "GET /renderwindow/program HTTP/1.1" 304 - "-" "Mozilla/5.0 (Windows NT 6.1; WOW64) AppleWebKit/537.36 (KHTML, like Gecko) Chrome/109.0.0.0 Safari/537.36 OPR/95.0.0.0"
::ffff:192.168.31.221 - - [06/Oct/2023:06:13:41 +0000] "GET /templates/empty.html HTTP/1.1" 304 - "http://192.168.31.221:5656/renderer/" "Mozilla/5.0 (Windows NT 10.0; Win64; x64) AppleWebKit/537.36 (KHTML, like Gecko) Chrome/116.0.0.0 Safari/537.36 OPR/102.0.0.0"
::ffff:192.168.31.221 - - [06/Oct/2023:06:13:41 +0000] "GET /templates/empty.html HTTP/1.1" 304 - "http://192.168.31.221:5656/renderer/" "Mozilla/5.0 (Windows NT 10.0; Win64; x64) AppleWebKit/537.36 (KHTML, like Gecko) Chrome/116.0.0.0 Safari/537.36 OPR/102.0.0.0"
::ffff:192.168.31.221 - - [06/Oct/2023:06:13:41 +0000] "GET /templates/empty.html HTTP/1.1" 304 - "http://192.168.31.221:5656/renderer/" "Mozilla/5.0 (Windows NT 10.0; Win64; x64) AppleWebKit/537.36 (KHTML, like Gecko) Chrome/116.0.0.0 Safari/537.36 OPR/102.0.0.0"
::ffff:192.168.31.221 - - [06/Oct/2023:06:13:42 +0000] "GET /templates/empty.html HTTP/1.1" 304 - "http://192.168.31.221:5656/renderer/" "Mozilla/5.0 (Windows NT 10.0; Win64; x64) AppleWebKit/537.36 (KHTML, like Gecko) Chrome/116.0.0.0 Safari/537.36 OPR/102.0.0.0"
::ffff:192.168.31.221 - - [06/Oct/2023:06:13:42 +0000] "GET /templates/empty.html HTTP/1.1" 304 - "http://192.168.31.221:5656/renderer/" "Mozilla/5.0 (Windows NT 10.0; Win64; x64) AppleWebKit/537.36 (KHTML, like Gecko) Chrome/116.0.0.0 Safari/537.36 OPR/102.0.0.0"
::ffff:192.168.31.221 - - [06/Oct/2023:06:13:42 +0000] "POST /gc/saveConfigChanges HTTP/1.1" 200 18 "http://192.168.31.221:5656/gc/template/template" "Mozilla/5.0 (Windows NT 10.0; Win64; x64) AppleWebKit/537.36 (KHTML, like Gecko) Chrome/116.0.0.0 Safari/537.36 OPR/102.0.0.0"
::ffff:192.168.31.152 - - [06/Oct/2023:06:13:42 +0000] "GET /css/spx_renderpopups.css HTTP/1.1" 304 - "http://192.168.31.221:5656/renderwindow/program" "Mozilla/5.0 (Windows NT 6.1; WOW64) AppleWebKit/537.36 (KHTML, like Gecko) Chrome/109.0.0.0 Safari/537.36 OPR/95.0.0.0"
::ffff:192.168.31.152 - - [06/Oct/2023:06:13:42 +0000] "GET /js/socket.io.js HTTP/1.1" 304 - "http://192.168.31.221:5656/renderwindow/program" "Mozilla/5.0 (Windows NT 6.1; WOW64) AppleWebKit/537.36 (KHTML, like Gecko) Chrome/109.0.0.0 Safari/537.36 OPR/95.0.0.0"
::ffff:192.168.31.221 - - [06/Oct/2023:06:13:42 +0000] "GET /templates/empty.html HTTP/1.1" 304 - "http://192.168.31.221:5656/renderer/" "Mozilla/5.0 (Windows NT 10.0; Win64; x64) AppleWebKit/537.36 (KHTML, like Gecko) Chrome/116.0.0.0 Safari/537.36 OPR/102.0.0.0"
::ffff:192.168.31.221 - - [06/Oct/2023:06:13:42 +0000] "GET /renderer/ HTTP/1.1" 304 - "http://192.168.31.221:5656/gc/template/template" "Mozilla/5.0 (Windows NT 10.0; Win64; x64) AppleWebKit/537.36 (KHTML, like Gecko) Chrome/116.0.0.0 Safari/537.36 OPR/102.0.0.0"
::ffff:192.168.31.221 - - [06/Oct/2023:06:13:42 +0000] "GET /templates/empty.html HTTP/1.1" 304 - "http://192.168.31.221:5656/renderer/" "Mozilla/5.0 (Windows NT 10.0; Win64; x64) AppleWebKit/537.36 (KHTML, like Gecko) Chrome/116.0.0.0 Safari/537.36 OPR/102.0.0.0"
::ffff:192.168.31.152 - - [06/Oct/2023:06:13:42 +0000] "GET /img/spx_program.png HTTP/1.1" 304 - "http://192.168.31.221:5656/css/spx_renderpopups.css" "Mozilla/5.0 (Windows NT 6.1; WOW64) AppleWebKit/537.36 (KHTML, like Gecko) Chrome/109.0.0.0 Safari/537.36 OPR/95.0.0.0"
::ffff:192.168.31.152 - - [06/Oct/2023:06:13:42 +0000] "GET /img/checker60.png HTTP/1.1" 304 - "http://192.168.31.221:5656/css/spx_renderpopups.css" "Mozilla/5.0 (Windows NT 6.1; WOW64) AppleWebKit/537.36 (KHTML, like Gecko) Chrome/109.0.0.0 Safari/537.36 OPR/95.0.0.0"
::ffff:192.168.31.152 - - [06/Oct/2023:06:13:42 +0000] "GET /renderer/ HTTP/1.1" 304 - "http://192.168.31.221:5656/renderwindow/program" "Mozilla/5.0 (Windows NT 6.1; WOW64) AppleWebKit/537.36 (KHTML, like Gecko) Chrome/109.0.0.0 Safari/537.36 OPR/95.0.0.0"
::ffff:192.168.31.221 - - [06/Oct/2023:06:13:42 +0000] "GET /templates/empty.html HTTP/1.1" 304 - "http://192.168.31.221:5656/renderer/" "Mozilla/5.0 (Windows NT 10.0; Win64; x64) AppleWebKit/537.36 (KHTML, like Gecko) Chrome/116.0.0.0 Safari/537.36 OPR/102.0.0.0"
::ffff:192.168.31.221 - - [06/Oct/2023:06:13:42 +0000] "GET /templates/empty.html HTTP/1.1" 304 - "http://192.168.31.221:5656/renderer/" "Mozilla/5.0 (Windows NT 10.0; Win64; x64) AppleWebKit/537.36 (KHTML, like Gecko) Chrome/116.0.0.0 Safari/537.36 OPR/102.0.0.0"
::ffff:192.168.31.152 - - [06/Oct/2023:06:13:42 +0000] "GET /renderer/js/socket.io.js HTTP/1.1" 304 - "http://192.168.31.221:5656/renderer/" "Mozilla/5.0 (Windows NT 6.1; WOW64) AppleWebKit/537.36 (KHTML, like Gecko) Chrome/109.0.0.0 Safari/537.36 OPR/95.0.0.0"
::ffff:192.168.31.221 - - [06/Oct/2023:06:13:42 +0000] "GET /templates/empty.html HTTP/1.1" 304 - "http://192.168.31.221:5656/renderer/" "Mozilla/5.0 (Windows NT 10.0; Win64; x64) AppleWebKit/537.36 (KHTML, like Gecko) Chrome/116.0.0.0 Safari/537.36 OPR/102.0.0.0"
::ffff:192.168.31.152 - - [06/Oct/2023:06:13:42 +0000] "GET /templates/empty.html HTTP/1.1" 304 - "http://192.168.31.221:5656/renderer/" "Mozilla/5.0 (Windows NT 6.1; WOW64) AppleWebKit/537.36 (KHTML, like Gecko) Chrome/109.0.0.0 Safari/537.36 OPR/95.0.0.0"
::ffff:192.168.31.221 - - [06/Oct/2023:06:13:42 +0000] "GET /templates/empty.html HTTP/1.1" 304 - "http://192.168.31.221:5656/renderer/" "Mozilla/5.0 (Windows NT 10.0; Win64; x64) AppleWebKit/537.36 (KHTML, like Gecko) Chrome/116.0.0.0 Safari/537.36 OPR/102.0.0.0"
::ffff:192.168.31.152 - - [06/Oct/2023:06:13:42 +0000] "GET /templates/empty.html HTTP/1.1" 304 - "http://192.168.31.221:5656/renderer/" "Mozilla/5.0 (Windows NT 6.1; WOW64) AppleWebKit/537.36 (KHTML, like Gecko) Chrome/109.0.0.0 Safari/537.36 OPR/95.0.0.0"
::ffff:192.168.31.221 - - [06/Oct/2023:06:13:42 +0000] "GET /templates/empty.html HTTP/1.1" 304 - "http://192.168.31.221:5656/renderer/" "Mozilla/5.0 (Windows NT 10.0; Win64; x64) AppleWebKit/537.36 (KHTML, like Gecko) Chrome/116.0.0.0 Safari/537.36 OPR/102.0.0.0"
::ffff:192.168.31.152 - - [06/Oct/2023:06:13:42 +0000] "GET /templates/empty.html HTTP/1.1" 304 - "http://192.168.31.221:5656/renderer/" "Mozilla/5.0 (Windows NT 6.1; WOW64) AppleWebKit/537.36 (KHTML, like Gecko) Chrome/109.0.0.0 Safari/537.36 OPR/95.0.0.0"
::ffff:192.168.31.152 - - [06/Oct/2023:06:13:42 +0000] "GET /templates/empty.html HTTP/1.1" 304 - "http://192.168.31.221:5656/renderer/" "Mozilla/5.0 (Windows NT 6.1; WOW64) AppleWebKit/537.36 (KHTML, like Gecko) Chrome/109.0.0.0 Safari/537.36 OPR/95.0.0.0"
::ffff:192.168.31.221 - - [06/Oct/2023:06:13:42 +0000] "GET /templates/empty.html HTTP/1.1" 304 - "http://192.168.31.221:5656/renderer/" "Mozilla/5.0 (Windows NT 10.0; Win64; x64) AppleWebKit/537.36 (KHTML, like Gecko) Chrome/116.0.0.0 Safari/537.36 OPR/102.0.0.0"
::ffff:192.168.31.152 - - [06/Oct/2023:06:13:42 +0000] "GET /templates/empty.html HTTP/1.1" 304 - "http://192.168.31.221:5656/renderer/" "Mozilla/5.0 (Windows NT 6.1; WOW64) AppleWebKit/537.36 (KHTML, like Gecko) Chrome/109.0.0.0 Safari/537.36 OPR/95.0.0.0"
::ffff:192.168.31.221 - - [06/Oct/2023:06:13:42 +0000] "GET /templates/empty.html HTTP/1.1" 304 - "http://192.168.31.221:5656/renderer/" "Mozilla/5.0 (Windows NT 10.0; Win64; x64) AppleWebKit/537.36 (KHTML, like Gecko) Chrome/116.0.0.0 Safari/537.36 OPR/102.0.0.0"
::ffff:192.168.31.152 - - [06/Oct/2023:06:13:42 +0000] "GET /templates/empty.html HTTP/1.1" 304 - "http://192.168.31.221:5656/renderer/" "Mozilla/5.0 (Windows NT 6.1; WOW64) AppleWebKit/537.36 (KHTML, like Gecko) Chrome/109.0.0.0 Safari/537.36 OPR/95.0.0.0"
::ffff:192.168.31.152 - - [06/Oct/2023:06:13:42 +0000] "GET /templates/empty.html HTTP/1.1" 304 - "http://192.168.31.221:5656/renderer/" "Mozilla/5.0 (Windows NT 6.1; WOW64) AppleWebKit/537.36 (KHTML, like Gecko) Chrome/109.0.0.0 Safari/537.36 OPR/95.0.0.0"
::ffff:192.168.31.152 - - [06/Oct/2023:06:13:42 +0000] "GET /templates/empty.html HTTP/1.1" 304 - "http://192.168.31.221:5656/renderer/" "Mozilla/5.0 (Windows NT 6.1; WOW64) AppleWebKit/537.36 (KHTML, like Gecko) Chrome/109.0.0.0 Safari/537.36 OPR/95.0.0.0"
::ffff:192.168.31.221 - - [06/Oct/2023:06:13:42 +0000] "GET /renderer/js/socket.io.js HTTP/1.1" 304 - "http://192.168.31.221:5656/renderer/" "Mozilla/5.0 (Windows NT 10.0; Win64; x64) AppleWebKit/537.36 (KHTML, like Gecko) Chrome/116.0.0.0 Safari/537.36 OPR/102.0.0.0"
::ffff:192.168.31.152 - - [06/Oct/2023:06:13:42 +0000] "GET /templates/empty.html HTTP/1.1" 304 - "http://192.168.31.221:5656/renderer/" "Mozilla/5.0 (Windows NT 6.1; WOW64) AppleWebKit/537.36 (KHTML, like Gecko) Chrome/109.0.0.0 Safari/537.36 OPR/95.0.0.0"
::ffff:192.168.31.152 - - [06/Oct/2023:06:13:42 +0000] "GET /templates/empty.html HTTP/1.1" 304 - "http://192.168.31.221:5656/renderer/" "Mozilla/5.0 (Windows NT 6.1; WOW64) AppleWebKit/537.36 (KHTML, like Gecko) Chrome/109.0.0.0 Safari/537.36 OPR/95.0.0.0"
::ffff:192.168.31.152 - - [06/Oct/2023:06:13:42 +0000] "GET /templates/empty.html HTTP/1.1" 304 - "http://192.168.31.221:5656/renderer/" "Mozilla/5.0 (Windows NT 6.1; WOW64) AppleWebKit/537.36 (KHTML, like Gecko) Chrome/109.0.0.0 Safari/537.36 OPR/95.0.0.0"
::ffff:192.168.31.152 - - [06/Oct/2023:06:13:43 +0000] "GET /templates/empty.html HTTP/1.1" 304 - "http://192.168.31.221:5656/renderer/" "Mozilla/5.0 (Windows NT 6.1; WOW64) AppleWebKit/537.36 (KHTML, like Gecko) Chrome/109.0.0.0 Safari/537.36 OPR/95.0.0.0"
::ffff:192.168.31.221 - - [06/Oct/2023:06:13:43 +0000] "GET /templates/empty.html HTTP/1.1" 200 3032 "http://192.168.31.221:5656/renderer/" "Mozilla/5.0 (Windows NT 10.0; Win64; x64) AppleWebKit/537.36 (KHTML, like Gecko) Chrome/116.0.0.0 Safari/537.36 OPR/102.0.0.0"
::ffff:192.168.31.152 - - [06/Oct/2023:06:13:43 +0000] "GET /templates/empty.html HTTP/1.1" 304 - "http://192.168.31.221:5656/renderer/" "Mozilla/5.0 (Windows NT 6.1; WOW64) AppleWebKit/537.36 (KHTML, like Gecko) Chrome/109.0.0.0 Safari/537.36 OPR/95.0.0.0"
::ffff:192.168.31.152 - - [06/Oct/2023:06:13:43 +0000] "GET /templates/empty.html HTTP/1.1" 304 - "http://192.168.31.221:5656/renderer/" "Mozilla/5.0 (Windows NT 6.1; WOW64) AppleWebKit/537.36 (KHTML, like Gecko) Chrome/109.0.0.0 Safari/537.36 OPR/95.0.0.0"
::ffff:192.168.31.152 - - [06/Oct/2023:06:13:43 +0000] "GET /templates/empty.html HTTP/1.1" 304 - "http://192.168.31.221:5656/renderer/" "Mozilla/5.0 (Windows NT 6.1; WOW64) AppleWebKit/537.36 (KHTML, like Gecko) Chrome/109.0.0.0 Safari/537.36 OPR/95.0.0.0"
::ffff:192.168.31.221 - - [06/Oct/2023:06:13:43 +0000] "GET /templates/empty.html HTTP/1.1" 304 - "http://192.168.31.221:5656/renderer/" "Mozilla/5.0 (Windows NT 10.0; Win64; x64) AppleWebKit/537.36 (KHTML, like Gecko) Chrome/116.0.0.0 Safari/537.36 OPR/102.0.0.0"
::ffff:192.168.31.152 - - [06/Oct/2023:06:13:43 +0000] "GET /templates/empty.html HTTP/1.1" 304 - "http://192.168.31.221:5656/renderer/" "Mozilla/5.0 (Windows NT 6.1; WOW64) AppleWebKit/537.36 (KHTML, like Gecko) Chrome/109.0.0.0 Safari/537.36 OPR/95.0.0.0"
::ffff:192.168.31.152 - - [06/Oct/2023:06:13:43 +0000] "GET /templates/empty.html HTTP/1.1" 304 - "http://192.168.31.221:5656/renderer/" "Mozilla/5.0 (Windows NT 6.1; WOW64) AppleWebKit/537.36 (KHTML, like Gecko) Chrome/109.0.0.0 Safari/537.36 OPR/95.0.0.0"
::ffff:192.168.31.221 - - [06/Oct/2023:06:13:43 +0000] "GET /templates/empty.html HTTP/1.1" 304 - "http://192.168.31.221:5656/renderer/" "Mozilla/5.0 (Windows NT 10.0; Win64; x64) AppleWebKit/537.36 (KHTML, like Gecko) Chrome/116.0.0.0 Safari/537.36 OPR/102.0.0.0"
::ffff:192.168.31.152 - - [06/Oct/2023:06:13:43 +0000] "GET /templates/empty.html HTTP/1.1" 304 - "http://192.168.31.221:5656/renderer/" "Mozilla/5.0 (Windows NT 6.1; WOW64) AppleWebKit/537.36 (KHTML, like Gecko) Chrome/109.0.0.0 Safari/537.36 OPR/95.0.0.0"
::ffff:192.168.31.152 - - [06/Oct/2023:06:13:43 +0000] "GET /templates/empty.html HTTP/1.1" 304 - "http://192.168.31.221:5656/renderer/" "Mozilla/5.0 (Windows NT 6.1; WOW64) AppleWebKit/537.36 (KHTML, like Gecko) Chrome/109.0.0.0 Safari/537.36 OPR/95.0.0.0"
::ffff:192.168.31.221 - - [06/Oct/2023:06:13:43 +0000] "GET /templates/empty.html HTTP/1.1" 304 - "http://192.168.31.221:5656/renderer/" "Mozilla/5.0 (Windows NT 10.0; Win64; x64) AppleWebKit/537.36 (KHTML, like Gecko) Chrome/116.0.0.0 Safari/537.36 OPR/102.0.0.0"
::ffff:192.168.31.152 - - [06/Oct/2023:06:13:43 +0000] "GET /templates/empty.html HTTP/1.1" 304 - "http://192.168.31.221:5656/renderer/" "Mozilla/5.0 (Windows NT 6.1; WOW64) AppleWebKit/537.36 (KHTML, like Gecko) Chrome/109.0.0.0 Safari/537.36 OPR/95.0.0.0"
::ffff:192.168.31.221 - - [06/Oct/2023:06:13:43 +0000] "GET /templates/empty.html HTTP/1.1" 304 - "http://192.168.31.221:5656/renderer/" "Mozilla/5.0 (Windows NT 10.0; Win64; x64) AppleWebKit/537.36 (KHTML, like Gecko) Chrome/116.0.0.0 Safari/537.36 OPR/102.0.0.0"
::ffff:192.168.31.221 - - [06/Oct/2023:06:13:43 +0000] "GET /templates/empty.html HTTP/1.1" 304 - "http://192.168.31.221:5656/renderer/" "Mozilla/5.0 (Windows NT 10.0; Win64; x64) AppleWebKit/537.36 (KHTML, like Gecko) Chrome/116.0.0.0 Safari/537.36 OPR/102.0.0.0"
::ffff:192.168.31.221 - - [06/Oct/2023:06:13:43 +0000] "GET /templates/empty.html HTTP/1.1" 304 - "http://192.168.31.221:5656/renderer/" "Mozilla/5.0 (Windows NT 10.0; Win64; x64) AppleWebKit/537.36 (KHTML, like Gecko) Chrome/116.0.0.0 Safari/537.36 OPR/102.0.0.0"
::ffff:192.168.31.221 - - [06/Oct/2023:06:13:43 +0000] "GET /templates/empty.html HTTP/1.1" 304 - "http://192.168.31.221:5656/renderer/" "Mozilla/5.0 (Windows NT 10.0; Win64; x64) AppleWebKit/537.36 (KHTML, like Gecko) Chrome/116.0.0.0 Safari/537.36 OPR/102.0.0.0"
::ffff:192.168.31.221 - - [06/Oct/2023:06:13:43 +0000] "GET /templates/empty.html HTTP/1.1" 304 - "http://192.168.31.221:5656/renderer/" "Mozilla/5.0 (Windows NT 10.0; Win64; x64) AppleWebKit/537.36 (KHTML, like Gecko) Chrome/116.0.0.0 Safari/537.36 OPR/102.0.0.0"
::ffff:192.168.31.221 - - [06/Oct/2023:06:13:43 +0000] "GET /templates/empty.html HTTP/1.1" 304 - "http://192.168.31.221:5656/renderer/" "Mozilla/5.0 (Windows NT 10.0; Win64; x64) AppleWebKit/537.36 (KHTML, like Gecko) Chrome/116.0.0.0 Safari/537.36 OPR/102.0.0.0"
::ffff:192.168.31.221 - - [06/Oct/2023:06:13:43 +0000] "GET /templates/empty.html HTTP/1.1" 304 - "http://192.168.31.221:5656/renderer/" "Mozilla/5.0 (Windows NT 10.0; Win64; x64) AppleWebKit/537.36 (KHTML, like Gecko) Chrome/116.0.0.0 Safari/537.36 OPR/102.0.0.0"
::ffff:192.168.31.221 - - [06/Oct/2023:06:13:43 +0000] "GET /templates/empty.html HTTP/1.1" 304 - "http://192.168.31.221:5656/renderer/" "Mozilla/5.0 (Windows NT 10.0; Win64; x64) AppleWebKit/537.36 (KHTML, like Gecko) Chrome/116.0.0.0 Safari/537.36 OPR/102.0.0.0"
::ffff:192.168.31.221 - - [06/Oct/2023:06:13:43 +0000] "GET /templates/empty.html HTTP/1.1" 304 - "http://192.168.31.221:5656/renderer/" "Mozilla/5.0 (Windows NT 10.0; Win64; x64) AppleWebKit/537.36 (KHTML, like Gecko) Chrome/116.0.0.0 Safari/537.36 OPR/102.0.0.0"
::ffff:192.168.31.221 - - [06/Oct/2023:06:13:43 +0000] "GET /templates/empty.html HTTP/1.1" 304 - "http://192.168.31.221:5656/renderer/" "Mozilla/5.0 (Windows NT 10.0; Win64; x64) AppleWebKit/537.36 (KHTML, like Gecko) Chrome/116.0.0.0 Safari/537.36 OPR/102.0.0.0"
::ffff:192.168.31.152 - - [06/Oct/2023:06:13:43 +0000] "GET /favicon.ico HTTP/1.1" 304 - "http://192.168.31.221:5656/renderwindow/program" "Mozilla/5.0 (Windows NT 6.1; WOW64) AppleWebKit/537.36 (KHTML, like Gecko) Chrome/109.0.0.0 Safari/537.36 OPR/95.0.0.0"
::ffff:192.168.31.221 - - [06/Oct/2023:06:13:43 +0000] "GET /templates/empty.html HTTP/1.1" 304 - "http://192.168.31.221:5656/renderer/" "Mozilla/5.0 (Windows NT 10.0; Win64; x64) AppleWebKit/537.36 (KHTML, like Gecko) Chrome/116.0.0.0 Safari/537.36 OPR/102.0.0.0"
::ffff:192.168.31.221 - - [06/Oct/2023:06:13:43 +0000] "GET /templates/empty.html HTTP/1.1" 304 - "http://192.168.31.221:5656/renderer/" "Mozilla/5.0 (Windows NT 10.0; Win64; x64) AppleWebKit/537.36 (KHTML, like Gecko) Chrome/116.0.0.0 Safari/537.36 OPR/102.0.0.0"
::ffff:192.168.31.221 - - [06/Oct/2023:06:13:44 +0000] "GET /templates/empty.html HTTP/1.1" 304 - "http://192.168.31.221:5656/renderer/" "Mozilla/5.0 (Windows NT 10.0; Win64; x64) AppleWebKit/537.36 (KHTML, like Gecko) Chrome/116.0.0.0 Safari/537.36 OPR/102.0.0.0"
::ffff:192.168.31.221 - - [06/Oct/2023:06:13:44 +0000] "GET /templates/empty.html HTTP/1.1" 304 - "http://192.168.31.221:5656/renderer/" "Mozilla/5.0 (Windows NT 10.0; Win64; x64) AppleWebKit/537.36 (KHTML, like Gecko) Chrome/116.0.0.0 Safari/537.36 OPR/102.0.0.0"
::ffff:192.168.31.221 - - [06/Oct/2023:06:13:44 +0000] "GET /templates/empty.html HTTP/1.1" 304 - "http://192.168.31.221:5656/renderer/" "Mozilla/5.0 (Windows NT 10.0; Win64; x64) AppleWebKit/537.36 (KHTML, like Gecko) Chrome/116.0.0.0 Safari/537.36 OPR/102.0.0.0"
::ffff:192.168.31.221 - - [06/Oct/2023:06:13:44 +0000] "GET /templates/empty.html HTTP/1.1" 304 - "http://192.168.31.221:5656/renderer/" "Mozilla/5.0 (Windows NT 10.0; Win64; x64) AppleWebKit/537.36 (KHTML, like Gecko) Chrome/116.0.0.0 Safari/537.36 OPR/102.0.0.0"
::ffff:192.168.31.221 - - [06/Oct/2023:06:13:49 +0000] "GET /img/spx-gc.ico HTTP/1.1" 304 - "http://192.168.31.221:5656/gc/template/template" "Mozilla/5.0 (Windows NT 10.0; Win64; x64) AppleWebKit/537.36 (KHTML, like Gecko) Chrome/116.0.0.0 Safari/537.36 OPR/102.0.0.0"
::ffff:192.168.31.221 - - [06/Oct/2023:06:14:18 +0000] "POST /gc/playout HTTP/1.1" 200 - "http://192.168.31.221:5656/gc/template/template" "Mozilla/5.0 (Windows NT 10.0; Win64; x64) AppleWebKit/537.36 (KHTML, like Gecko) Chrome/116.0.0.0 Safari/537.36 OPR/102.0.0.0"
::ffff:192.168.31.221 - - [06/Oct/2023:06:14:19 +0000] "POST /gc/playout HTTP/1.1" 200 - "http://192.168.31.221:5656/gc/template/template" "Mozilla/5.0 (Windows NT 10.0; Win64; x64) AppleWebKit/537.36 (KHTML, like Gecko) Chrome/116.0.0.0 Safari/537.36 OPR/102.0.0.0"
::ffff:192.168.31.221 - - [06/Oct/2023:06:15:36 +0000] "POST /gc/playout HTTP/1.1" 200 - "http://192.168.31.221:5656/gc/template/template" "Mozilla/5.0 (Windows NT 10.0; Win64; x64) AppleWebKit/537.36 (KHTML, like Gecko) Chrome/116.0.0.0 Safari/537.36 OPR/102.0.0.0"
::ffff:192.168.31.221 - - [06/Oct/2023:06:15:38 +0000] "POST /gc/playout HTTP/1.1" 200 - "http://192.168.31.221:5656/gc/template/template" "Mozilla/5.0 (Windows NT 10.0; Win64; x64) AppleWebKit/537.36 (KHTML, like Gecko) Chrome/116.0.0.0 Safari/537.36 OPR/102.0.0.0"
::ffff:192.168.31.221 - - [06/Oct/2023:06:16:34 +0000] "POST /gc/playout HTTP/1.1" 200 - "http://192.168.31.221:5656/gc/template/template" "Mozilla/5.0 (Windows NT 10.0; Win64; x64) AppleWebKit/537.36 (KHTML, like Gecko) Chrome/116.0.0.0 Safari/537.36 OPR/102.0.0.0"
::ffff:192.168.31.221 - - [06/Oct/2023:06:16:36 +0000] "POST /gc/playout HTTP/1.1" 200 - "http://192.168.31.221:5656/gc/template/template" "Mozilla/5.0 (Windows NT 10.0; Win64; x64) AppleWebKit/537.36 (KHTML, like Gecko) Chrome/116.0.0.0 Safari/537.36 OPR/102.0.0.0"
::ffff:192.168.31.221 - - [06/Oct/2023:06:17:07 +0000] "POST /gc/playout HTTP/1.1" 200 - "http://192.168.31.221:5656/gc/template/template" "Mozilla/5.0 (Windows NT 10.0; Win64; x64) AppleWebKit/537.36 (KHTML, like Gecko) Chrome/116.0.0.0 Safari/537.36 OPR/102.0.0.0"
::ffff:192.168.31.221 - - [06/Oct/2023:06:17:08 +0000] "POST /gc/playout HTTP/1.1" 200 - "http://192.168.31.221:5656/gc/template/template" "Mozilla/5.0 (Windows NT 10.0; Win64; x64) AppleWebKit/537.36 (KHTML, like Gecko) Chrome/116.0.0.0 Safari/537.36 OPR/102.0.0.0"
::ffff:192.168.31.221 - - [06/Oct/2023:06:17:24 +0000] "POST /gc/playout HTTP/1.1" 200 - "http://192.168.31.221:5656/gc/template/template" "Mozilla/5.0 (Windows NT 10.0; Win64; x64) AppleWebKit/537.36 (KHTML, like Gecko) Chrome/116.0.0.0 Safari/537.36 OPR/102.0.0.0"
::ffff:192.168.31.221 - - [06/Oct/2023:06:17:26 +0000] "POST /gc/playout HTTP/1.1" 200 - "http://192.168.31.221:5656/gc/template/template" "Mozilla/5.0 (Windows NT 10.0; Win64; x64) AppleWebKit/537.36 (KHTML, like Gecko) Chrome/116.0.0.0 Safari/537.36 OPR/102.0.0.0"
::ffff:192.168.31.221 - - [06/Oct/2023:06:17:48 +0000] "POST /gc/playout HTTP/1.1" 200 - "http://192.168.31.221:5656/gc/template/template" "Mozilla/5.0 (Windows NT 10.0; Win64; x64) AppleWebKit/537.36 (KHTML, like Gecko) Chrome/116.0.0.0 Safari/537.36 OPR/102.0.0.0"
::ffff:192.168.31.221 - - [06/Oct/2023:06:17:49 +0000] "POST /gc/playout HTTP/1.1" 200 - "http://192.168.31.221:5656/gc/template/template" "Mozilla/5.0 (Windows NT 10.0; Win64; x64) AppleWebKit/537.36 (KHTML, like Gecko) Chrome/116.0.0.0 Safari/537.36 OPR/102.0.0.0"
::ffff:192.168.31.221 - - [06/Oct/2023:06:18:07 +0000] "POST /gc/playout HTTP/1.1" 200 - "http://192.168.31.221:5656/gc/template/template" "Mozilla/5.0 (Windows NT 10.0; Win64; x64) AppleWebKit/537.36 (KHTML, like Gecko) Chrome/116.0.0.0 Safari/537.36 OPR/102.0.0.0"
::ffff:192.168.31.221 - - [06/Oct/2023:06:18:08 +0000] "POST /gc/playout HTTP/1.1" 200 - "http://192.168.31.221:5656/gc/template/template" "Mozilla/5.0 (Windows NT 10.0; Win64; x64) AppleWebKit/537.36 (KHTML, like Gecko) Chrome/116.0.0.0 Safari/537.36 OPR/102.0.0.0"
::ffff:192.168.31.221 - - [06/Oct/2023:06:18:25 +0000] "POST /gc/playout HTTP/1.1" 200 - "http://192.168.31.221:5656/gc/template/template" "Mozilla/5.0 (Windows NT 10.0; Win64; x64) AppleWebKit/537.36 (KHTML, like Gecko) Chrome/116.0.0.0 Safari/537.36 OPR/102.0.0.0"
::ffff:192.168.31.221 - - [06/Oct/2023:06:18:26 +0000] "POST /gc/playout HTTP/1.1" 200 - "http://192.168.31.221:5656/gc/template/template" "Mozilla/5.0 (Windows NT 10.0; Win64; x64) AppleWebKit/537.36 (KHTML, like Gecko) Chrome/116.0.0.0 Safari/537.36 OPR/102.0.0.0"
::ffff:192.168.31.221 - - [06/Oct/2023:06:18:43 +0000] "POST /gc/playout HTTP/1.1" 200 - "http://192.168.31.221:5656/gc/template/template" "Mozilla/5.0 (Windows NT 10.0; Win64; x64) AppleWebKit/537.36 (KHTML, like Gecko) Chrome/116.0.0.0 Safari/537.36 OPR/102.0.0.0"
::ffff:192.168.31.221 - - [06/Oct/2023:06:18:45 +0000] "POST /gc/playout HTTP/1.1" 200 - "http://192.168.31.221:5656/gc/template/template" "Mozilla/5.0 (Windows NT 10.0; Win64; x64) AppleWebKit/537.36 (KHTML, like Gecko) Chrome/116.0.0.0 Safari/537.36 OPR/102.0.0.0"
::ffff:192.168.31.221 - - [06/Oct/2023:06:19:03 +0000] "POST /gc/playout HTTP/1.1" 200 - "http://192.168.31.221:5656/gc/template/template" "Mozilla/5.0 (Windows NT 10.0; Win64; x64) AppleWebKit/537.36 (KHTML, like Gecko) Chrome/116.0.0.0 Safari/537.36 OPR/102.0.0.0"
::ffff:192.168.31.221 - - [06/Oct/2023:06:19:05 +0000] "POST /gc/playout HTTP/1.1" 200 - "http://192.168.31.221:5656/gc/template/template" "Mozilla/5.0 (Windows NT 10.0; Win64; x64) AppleWebKit/537.36 (KHTML, like Gecko) Chrome/116.0.0.0 Safari/537.36 OPR/102.0.0.0"
::ffff:192.168.31.221 - - [06/Oct/2023:06:19:19 +0000] "POST /gc/playout HTTP/1.1" 200 - "http://192.168.31.221:5656/gc/template/template" "Mozilla/5.0 (Windows NT 10.0; Win64; x64) AppleWebKit/537.36 (KHTML, like Gecko) Chrome/116.0.0.0 Safari/537.36 OPR/102.0.0.0"
::ffff:192.168.31.221 - - [06/Oct/2023:06:19:20 +0000] "POST /gc/playout HTTP/1.1" 200 - "http://192.168.31.221:5656/gc/template/template" "Mozilla/5.0 (Windows NT 10.0; Win64; x64) AppleWebKit/537.36 (KHTML, like Gecko) Chrome/116.0.0.0 Safari/537.36 OPR/102.0.0.0"
::ffff:192.168.31.221 - - [06/Oct/2023:06:19:32 +0000] "POST /gc/playout HTTP/1.1" 200 - "http://192.168.31.221:5656/gc/template/template" "Mozilla/5.0 (Windows NT 10.0; Win64; x64) AppleWebKit/537.36 (KHTML, like Gecko) Chrome/116.0.0.0 Safari/537.36 OPR/102.0.0.0"
::ffff:192.168.31.221 - - [06/Oct/2023:06:19:33 +0000] "POST /gc/playout HTTP/1.1" 200 - "http://192.168.31.221:5656/gc/template/template" "Mozilla/5.0 (Windows NT 10.0; Win64; x64) AppleWebKit/537.36 (KHTML, like Gecko) Chrome/116.0.0.0 Safari/537.36 OPR/102.0.0.0"
::ffff:192.168.31.221 - - [06/Oct/2023:06:19:44 +0000] "POST /gc/playout HTTP/1.1" 200 - "http://192.168.31.221:5656/gc/template/template" "Mozilla/5.0 (Windows NT 10.0; Win64; x64) AppleWebKit/537.36 (KHTML, like Gecko) Chrome/116.0.0.0 Safari/537.36 OPR/102.0.0.0"
::ffff:192.168.31.221 - - [06/Oct/2023:06:19:46 +0000] "POST /gc/playout HTTP/1.1" 200 - "http://192.168.31.221:5656/gc/template/template" "Mozilla/5.0 (Windows NT 10.0; Win64; x64) AppleWebKit/537.36 (KHTML, like Gecko) Chrome/116.0.0.0 Safari/537.36 OPR/102.0.0.0"
::ffff:192.168.31.221 - - [06/Oct/2023:06:20:04 +0000] "POST /gc/playout HTTP/1.1" 200 - "http://192.168.31.221:5656/gc/template/template" "Mozilla/5.0 (Windows NT 10.0; Win64; x64) AppleWebKit/537.36 (KHTML, like Gecko) Chrome/116.0.0.0 Safari/537.36 OPR/102.0.0.0"
::ffff:192.168.31.221 - - [06/Oct/2023:06:20:06 +0000] "POST /gc/playout HTTP/1.1" 200 - "http://192.168.31.221:5656/gc/template/template" "Mozilla/5.0 (Windows NT 10.0; Win64; x64) AppleWebKit/537.36 (KHTML, like Gecko) Chrome/116.0.0.0 Safari/537.36 OPR/102.0.0.0"
::ffff:192.168.31.221 - - [06/Oct/2023:06:20:20 +0000] "POST /gc/playout HTTP/1.1" 200 - "http://192.168.31.221:5656/gc/template/template" "Mozilla/5.0 (Windows NT 10.0; Win64; x64) AppleWebKit/537.36 (KHTML, like Gecko) Chrome/116.0.0.0 Safari/537.36 OPR/102.0.0.0"
::ffff:192.168.31.221 - - [06/Oct/2023:06:20:21 +0000] "POST /gc/playout HTTP/1.1" 200 - "http://192.168.31.221:5656/gc/template/template" "Mozilla/5.0 (Windows NT 10.0; Win64; x64) AppleWebKit/537.36 (KHTML, like Gecko) Chrome/116.0.0.0 Safari/537.36 OPR/102.0.0.0"
::ffff:192.168.31.221 - - [06/Oct/2023:06:20:54 +0000] "POST /gc/playout HTTP/1.1" 200 - "http://192.168.31.221:5656/gc/template/template" "Mozilla/5.0 (Windows NT 10.0; Win64; x64) AppleWebKit/537.36 (KHTML, like Gecko) Chrome/116.0.0.0 Safari/537.36 OPR/102.0.0.0"
::ffff:192.168.31.221 - - [06/Oct/2023:06:20:55 +0000] "POST /gc/playout HTTP/1.1" 200 - "http://192.168.31.221:5656/gc/template/template" "Mozilla/5.0 (Windows NT 10.0; Win64; x64) AppleWebKit/537.36 (KHTML, like Gecko) Chrome/116.0.0.0 Safari/537.36 OPR/102.0.0.0"
::ffff:192.168.31.221 - - [06/Oct/2023:06:21:11 +0000] "POST /gc/playout HTTP/1.1" 200 - "http://192.168.31.221:5656/gc/template/template" "Mozilla/5.0 (Windows NT 10.0; Win64; x64) AppleWebKit/537.36 (KHTML, like Gecko) Chrome/116.0.0.0 Safari/537.36 OPR/102.0.0.0"
::ffff:192.168.31.221 - - [06/Oct/2023:06:21:13 +0000] "POST /gc/playout HTTP/1.1" 200 - "http://192.168.31.221:5656/gc/template/template" "Mozilla/5.0 (Windows NT 10.0; Win64; x64) AppleWebKit/537.36 (KHTML, like Gecko) Chrome/116.0.0.0 Safari/537.36 OPR/102.0.0.0"
::ffff:192.168.31.221 - - [06/Oct/2023:06:21:28 +0000] "POST /gc/playout HTTP/1.1" 200 - "http://192.168.31.221:5656/gc/template/template" "Mozilla/5.0 (Windows NT 10.0; Win64; x64) AppleWebKit/537.36 (KHTML, like Gecko) Chrome/116.0.0.0 Safari/537.36 OPR/102.0.0.0"
::ffff:192.168.31.221 - - [06/Oct/2023:06:21:29 +0000] "POST /gc/playout HTTP/1.1" 200 - "http://192.168.31.221:5656/gc/template/template" "Mozilla/5.0 (Windows NT 10.0; Win64; x64) AppleWebKit/537.36 (KHTML, like Gecko) Chrome/116.0.0.0 Safari/537.36 OPR/102.0.0.0"
::ffff:192.168.31.221 - - [06/Oct/2023:06:21:42 +0000] "POST /gc/playout HTTP/1.1" 200 - "http://192.168.31.221:5656/gc/template/template" "Mozilla/5.0 (Windows NT 10.0; Win64; x64) AppleWebKit/537.36 (KHTML, like Gecko) Chrome/116.0.0.0 Safari/537.36 OPR/102.0.0.0"
::ffff:192.168.31.221 - - [06/Oct/2023:06:21:43 +0000] "POST /gc/playout HTTP/1.1" 200 - "http://192.168.31.221:5656/gc/template/template" "Mozilla/5.0 (Windows NT 10.0; Win64; x64) AppleWebKit/537.36 (KHTML, like Gecko) Chrome/116.0.0.0 Safari/537.36 OPR/102.0.0.0"
::ffff:192.168.31.221 - - [06/Oct/2023:06:22:19 +0000] "POST /gc/playout HTTP/1.1" 200 - "http://192.168.31.221:5656/gc/template/template" "Mozilla/5.0 (Windows NT 10.0; Win64; x64) AppleWebKit/537.36 (KHTML, like Gecko) Chrome/116.0.0.0 Safari/537.36 OPR/102.0.0.0"
::ffff:192.168.31.221 - - [06/Oct/2023:06:22:20 +0000] "POST /gc/playout HTTP/1.1" 200 - "http://192.168.31.221:5656/gc/template/template" "Mozilla/5.0 (Windows NT 10.0; Win64; x64) AppleWebKit/537.36 (KHTML, like Gecko) Chrome/116.0.0.0 Safari/537.36 OPR/102.0.0.0"
::ffff:192.168.31.221 - - [06/Oct/2023:06:22:58 +0000] "POST /gc/playout HTTP/1.1" 200 - "http://192.168.31.221:5656/gc/template/template" "Mozilla/5.0 (Windows NT 10.0; Win64; x64) AppleWebKit/537.36 (KHTML, like Gecko) Chrome/116.0.0.0 Safari/537.36 OPR/102.0.0.0"
::ffff:192.168.31.221 - - [06/Oct/2023:06:22:59 +0000] "POST /gc/playout HTTP/1.1" 200 - "http://192.168.31.221:5656/gc/template/template" "Mozilla/5.0 (Windows NT 10.0; Win64; x64) AppleWebKit/537.36 (KHTML, like Gecko) Chrome/116.0.0.0 Safari/537.36 OPR/102.0.0.0"
::ffff:192.168.31.221 - - [06/Oct/2023:06:23:20 +0000] "POST /gc/playout HTTP/1.1" 200 - "http://192.168.31.221:5656/gc/template/template" "Mozilla/5.0 (Windows NT 10.0; Win64; x64) AppleWebKit/537.36 (KHTML, like Gecko) Chrome/116.0.0.0 Safari/537.36 OPR/102.0.0.0"
::ffff:192.168.31.221 - - [06/Oct/2023:06:23:21 +0000] "POST /gc/playout HTTP/1.1" 200 - "http://192.168.31.221:5656/gc/template/template" "Mozilla/5.0 (Windows NT 10.0; Win64; x64) AppleWebKit/537.36 (KHTML, like Gecko) Chrome/116.0.0.0 Safari/537.36 OPR/102.0.0.0"
::ffff:192.168.31.221 - - [06/Oct/2023:06:23:43 +0000] "POST /gc/playout HTTP/1.1" 200 - "http://192.168.31.221:5656/gc/template/template" "Mozilla/5.0 (Windows NT 10.0; Win64; x64) AppleWebKit/537.36 (KHTML, like Gecko) Chrome/116.0.0.0 Safari/537.36 OPR/102.0.0.0"
::ffff:192.168.31.221 - - [06/Oct/2023:06:23:44 +0000] "POST /gc/playout HTTP/1.1" 200 - "http://192.168.31.221:5656/gc/template/template" "Mozilla/5.0 (Windows NT 10.0; Win64; x64) AppleWebKit/537.36 (KHTML, like Gecko) Chrome/116.0.0.0 Safari/537.36 OPR/102.0.0.0"
::ffff:192.168.31.221 - - [06/Oct/2023:06:23:58 +0000] "POST /gc/playout HTTP/1.1" 200 - "http://192.168.31.221:5656/gc/template/template" "Mozilla/5.0 (Windows NT 10.0; Win64; x64) AppleWebKit/537.36 (KHTML, like Gecko) Chrome/116.0.0.0 Safari/537.36 OPR/102.0.0.0"
::ffff:192.168.31.221 - - [06/Oct/2023:06:24:00 +0000] "POST /gc/playout HTTP/1.1" 200 - "http://192.168.31.221:5656/gc/template/template" "Mozilla/5.0 (Windows NT 10.0; Win64; x64) AppleWebKit/537.36 (KHTML, like Gecko) Chrome/116.0.0.0 Safari/537.36 OPR/102.0.0.0"
::ffff:192.168.31.221 - - [06/Oct/2023:06:24:38 +0000] "POST /gc/playout HTTP/1.1" 200 - "http://192.168.31.221:5656/gc/template/template" "Mozilla/5.0 (Windows NT 10.0; Win64; x64) AppleWebKit/537.36 (KHTML, like Gecko) Chrome/116.0.0.0 Safari/537.36 OPR/102.0.0.0"
::ffff:192.168.31.221 - - [06/Oct/2023:06:24:39 +0000] "POST /gc/playout HTTP/1.1" 200 - "http://192.168.31.221:5656/gc/template/template" "Mozilla/5.0 (Windows NT 10.0; Win64; x64) AppleWebKit/537.36 (KHTML, like Gecko) Chrome/116.0.0.0 Safari/537.36 OPR/102.0.0.0"
::ffff:192.168.31.221 - - [06/Oct/2023:06:25:04 +0000] "POST /gc/playout HTTP/1.1" 200 - "http://192.168.31.221:5656/gc/template/template" "Mozilla/5.0 (Windows NT 10.0; Win64; x64) AppleWebKit/537.36 (KHTML, like Gecko) Chrome/116.0.0.0 Safari/537.36 OPR/102.0.0.0"
::ffff:192.168.31.221 - - [06/Oct/2023:06:25:05 +0000] "POST /gc/playout HTTP/1.1" 200 - "http://192.168.31.221:5656/gc/template/template" "Mozilla/5.0 (Windows NT 10.0; Win64; x64) AppleWebKit/537.36 (KHTML, like Gecko) Chrome/116.0.0.0 Safari/537.36 OPR/102.0.0.0"
::ffff:192.168.31.221 - - [06/Oct/2023:06:25:23 +0000] "POST /gc/playout HTTP/1.1" 200 - "http://192.168.31.221:5656/gc/template/template" "Mozilla/5.0 (Windows NT 10.0; Win64; x64) AppleWebKit/537.36 (KHTML, like Gecko) Chrome/116.0.0.0 Safari/537.36 OPR/102.0.0.0"
::ffff:192.168.31.221 - - [06/Oct/2023:06:25:25 +0000] "POST /gc/playout HTTP/1.1" 200 - "http://192.168.31.221:5656/gc/template/template" "Mozilla/5.0 (Windows NT 10.0; Win64; x64) AppleWebKit/537.36 (KHTML, like Gecko) Chrome/116.0.0.0 Safari/537.36 OPR/102.0.0.0"
::ffff:192.168.31.221 - - [06/Oct/2023:06:25:38 +0000] "POST /gc/playout HTTP/1.1" 200 - "http://192.168.31.221:5656/gc/template/template" "Mozilla/5.0 (Windows NT 10.0; Win64; x64) AppleWebKit/537.36 (KHTML, like Gecko) Chrome/116.0.0.0 Safari/537.36 OPR/102.0.0.0"
::ffff:192.168.31.221 - - [06/Oct/2023:06:25:39 +0000] "POST /gc/playout HTTP/1.1" 200 - "http://192.168.31.221:5656/gc/template/template" "Mozilla/5.0 (Windows NT 10.0; Win64; x64) AppleWebKit/537.36 (KHTML, like Gecko) Chrome/116.0.0.0 Safari/537.36 OPR/102.0.0.0"
::ffff:192.168.31.221 - - [06/Oct/2023:06:25:58 +0000] "POST /gc/playout HTTP/1.1" 200 - "http://192.168.31.221:5656/gc/template/template" "Mozilla/5.0 (Windows NT 10.0; Win64; x64) AppleWebKit/537.36 (KHTML, like Gecko) Chrome/116.0.0.0 Safari/537.36 OPR/102.0.0.0"
::ffff:192.168.31.221 - - [06/Oct/2023:06:25:59 +0000] "POST /gc/playout HTTP/1.1" 200 - "http://192.168.31.221:5656/gc/template/template" "Mozilla/5.0 (Windows NT 10.0; Win64; x64) AppleWebKit/537.36 (KHTML, like Gecko) Chrome/116.0.0.0 Safari/537.36 OPR/102.0.0.0"
::ffff:192.168.31.221 - - [06/Oct/2023:06:26:18 +0000] "POST /gc/playout HTTP/1.1" 200 - "http://192.168.31.221:5656/gc/template/template" "Mozilla/5.0 (Windows NT 10.0; Win64; x64) AppleWebKit/537.36 (KHTML, like Gecko) Chrome/116.0.0.0 Safari/537.36 OPR/102.0.0.0"
::ffff:192.168.31.221 - - [06/Oct/2023:06:26:20 +0000] "POST /gc/playout HTTP/1.1" 200 - "http://192.168.31.221:5656/gc/template/template" "Mozilla/5.0 (Windows NT 10.0; Win64; x64) AppleWebKit/537.36 (KHTML, like Gecko) Chrome/116.0.0.0 Safari/537.36 OPR/102.0.0.0"
::ffff:192.168.31.221 - - [06/Oct/2023:06:26:33 +0000] "POST /gc/playout HTTP/1.1" 200 - "http://192.168.31.221:5656/gc/template/template" "Mozilla/5.0 (Windows NT 10.0; Win64; x64) AppleWebKit/537.36 (KHTML, like Gecko) Chrome/116.0.0.0 Safari/537.36 OPR/102.0.0.0"
::ffff:192.168.31.221 - - [06/Oct/2023:06:26:34 +0000] "POST /gc/playout HTTP/1.1" 200 - "http://192.168.31.221:5656/gc/template/template" "Mozilla/5.0 (Windows NT 10.0; Win64; x64) AppleWebKit/537.36 (KHTML, like Gecko) Chrome/116.0.0.0 Safari/537.36 OPR/102.0.0.0"
::ffff:192.168.31.221 - - [06/Oct/2023:06:26:48 +0000] "POST /gc/playout HTTP/1.1" 200 - "http://192.168.31.221:5656/gc/template/template" "Mozilla/5.0 (Windows NT 10.0; Win64; x64) AppleWebKit/537.36 (KHTML, like Gecko) Chrome/116.0.0.0 Safari/537.36 OPR/102.0.0.0"
::ffff:192.168.31.221 - - [06/Oct/2023:06:26:50 +0000] "POST /gc/playout HTTP/1.1" 200 - "http://192.168.31.221:5656/gc/template/template" "Mozilla/5.0 (Windows NT 10.0; Win64; x64) AppleWebKit/537.36 (KHTML, like Gecko) Chrome/116.0.0.0 Safari/537.36 OPR/102.0.0.0"
::ffff:192.168.31.221 - - [06/Oct/2023:06:27:07 +0000] "POST /gc/playout HTTP/1.1" 200 - "http://192.168.31.221:5656/gc/template/template" "Mozilla/5.0 (Windows NT 10.0; Win64; x64) AppleWebKit/537.36 (KHTML, like Gecko) Chrome/116.0.0.0 Safari/537.36 OPR/102.0.0.0"
::ffff:192.168.31.221 - - [06/Oct/2023:06:27:08 +0000] "POST /gc/playout HTTP/1.1" 200 - "http://192.168.31.221:5656/gc/template/template" "Mozilla/5.0 (Windows NT 10.0; Win64; x64) AppleWebKit/537.36 (KHTML, like Gecko) Chrome/116.0.0.0 Safari/537.36 OPR/102.0.0.0"
::ffff:192.168.31.221 - - [06/Oct/2023:06:27:30 +0000] "POST /gc/playout HTTP/1.1" 200 - "http://192.168.31.221:5656/gc/template/template" "Mozilla/5.0 (Windows NT 10.0; Win64; x64) AppleWebKit/537.36 (KHTML, like Gecko) Chrome/116.0.0.0 Safari/537.36 OPR/102.0.0.0"
::ffff:192.168.31.221 - - [06/Oct/2023:06:27:31 +0000] "POST /gc/playout HTTP/1.1" 200 - "http://192.168.31.221:5656/gc/template/template" "Mozilla/5.0 (Windows NT 10.0; Win64; x64) AppleWebKit/537.36 (KHTML, like Gecko) Chrome/116.0.0.0 Safari/537.36 OPR/102.0.0.0"
::ffff:192.168.31.221 - - [06/Oct/2023:06:27:42 +0000] "POST /gc/playout HTTP/1.1" 200 - "http://192.168.31.221:5656/gc/template/template" "Mozilla/5.0 (Windows NT 10.0; Win64; x64) AppleWebKit/537.36 (KHTML, like Gecko) Chrome/116.0.0.0 Safari/537.36 OPR/102.0.0.0"
::ffff:192.168.31.221 - - [06/Oct/2023:06:27:43 +0000] "POST /gc/playout HTTP/1.1" 200 - "http://192.168.31.221:5656/gc/template/template" "Mozilla/5.0 (Windows NT 10.0; Win64; x64) AppleWebKit/537.36 (KHTML, like Gecko) Chrome/116.0.0.0 Safari/537.36 OPR/102.0.0.0"
::ffff:192.168.31.221 - - [06/Oct/2023:06:27:53 +0000] "POST /gc/playout HTTP/1.1" 200 - "http://192.168.31.221:5656/gc/template/template" "Mozilla/5.0 (Windows NT 10.0; Win64; x64) AppleWebKit/537.36 (KHTML, like Gecko) Chrome/116.0.0.0 Safari/537.36 OPR/102.0.0.0"
::ffff:192.168.31.221 - - [06/Oct/2023:06:27:55 +0000] "POST /gc/playout HTTP/1.1" 200 - "http://192.168.31.221:5656/gc/template/template" "Mozilla/5.0 (Windows NT 10.0; Win64; x64) AppleWebKit/537.36 (KHTML, like Gecko) Chrome/116.0.0.0 Safari/537.36 OPR/102.0.0.0"
::ffff:192.168.31.221 - - [06/Oct/2023:06:28:29 +0000] "POST /gc/playout HTTP/1.1" 200 - "http://192.168.31.221:5656/gc/template/template" "Mozilla/5.0 (Windows NT 10.0; Win64; x64) AppleWebKit/537.36 (KHTML, like Gecko) Chrome/116.0.0.0 Safari/537.36 OPR/102.0.0.0"
::ffff:192.168.31.221 - - [06/Oct/2023:06:28:30 +0000] "POST /gc/playout HTTP/1.1" 200 - "http://192.168.31.221:5656/gc/template/template" "Mozilla/5.0 (Windows NT 10.0; Win64; x64) AppleWebKit/537.36 (KHTML, like Gecko) Chrome/116.0.0.0 Safari/537.36 OPR/102.0.0.0"
::ffff:192.168.31.221 - - [06/Oct/2023:06:28:47 +0000] "POST /gc/playout HTTP/1.1" 200 - "http://192.168.31.221:5656/gc/template/template" "Mozilla/5.0 (Windows NT 10.0; Win64; x64) AppleWebKit/537.36 (KHTML, like Gecko) Chrome/116.0.0.0 Safari/537.36 OPR/102.0.0.0"
::ffff:192.168.31.221 - - [06/Oct/2023:06:28:48 +0000] "POST /gc/playout HTTP/1.1" 200 - "http://192.168.31.221:5656/gc/template/template" "Mozilla/5.0 (Windows NT 10.0; Win64; x64) AppleWebKit/537.36 (KHTML, like Gecko) Chrome/116.0.0.0 Safari/537.36 OPR/102.0.0.0"
::ffff:192.168.31.221 - - [06/Oct/2023:06:28:59 +0000] "POST /gc/playout HTTP/1.1" 200 - "http://192.168.31.221:5656/gc/template/template" "Mozilla/5.0 (Windows NT 10.0; Win64; x64) AppleWebKit/537.36 (KHTML, like Gecko) Chrome/116.0.0.0 Safari/537.36 OPR/102.0.0.0"
::ffff:192.168.31.221 - - [06/Oct/2023:06:29:00 +0000] "POST /gc/playout HTTP/1.1" 200 - "http://192.168.31.221:5656/gc/template/template" "Mozilla/5.0 (Windows NT 10.0; Win64; x64) AppleWebKit/537.36 (KHTML, like Gecko) Chrome/116.0.0.0 Safari/537.36 OPR/102.0.0.0"
::ffff:192.168.31.221 - - [06/Oct/2023:06:29:13 +0000] "POST /gc/playout HTTP/1.1" 200 - "http://192.168.31.221:5656/gc/template/template" "Mozilla/5.0 (Windows NT 10.0; Win64; x64) AppleWebKit/537.36 (KHTML, like Gecko) Chrome/116.0.0.0 Safari/537.36 OPR/102.0.0.0"
::ffff:192.168.31.221 - - [06/Oct/2023:06:29:14 +0000] "POST /gc/playout HTTP/1.1" 200 - "http://192.168.31.221:5656/gc/template/template" "Mozilla/5.0 (Windows NT 10.0; Win64; x64) AppleWebKit/537.36 (KHTML, like Gecko) Chrome/116.0.0.0 Safari/537.36 OPR/102.0.0.0"
::ffff:192.168.31.221 - - [06/Oct/2023:06:29:30 +0000] "POST /gc/playout HTTP/1.1" 200 - "http://192.168.31.221:5656/gc/template/template" "Mozilla/5.0 (Windows NT 10.0; Win64; x64) AppleWebKit/537.36 (KHTML, like Gecko) Chrome/116.0.0.0 Safari/537.36 OPR/102.0.0.0"
::ffff:192.168.31.221 - - [06/Oct/2023:06:29:31 +0000] "POST /gc/playout HTTP/1.1" 200 - "http://192.168.31.221:5656/gc/template/template" "Mozilla/5.0 (Windows NT 10.0; Win64; x64) AppleWebKit/537.36 (KHTML, like Gecko) Chrome/116.0.0.0 Safari/537.36 OPR/102.0.0.0"
::ffff:192.168.31.221 - - [06/Oct/2023:06:29:51 +0000] "POST /gc/playout HTTP/1.1" 200 - "http://192.168.31.221:5656/gc/template/template" "Mozilla/5.0 (Windows NT 10.0; Win64; x64) AppleWebKit/537.36 (KHTML, like Gecko) Chrome/116.0.0.0 Safari/537.36 OPR/102.0.0.0"
::ffff:192.168.31.221 - - [06/Oct/2023:06:29:53 +0000] "POST /gc/playout HTTP/1.1" 200 - "http://192.168.31.221:5656/gc/template/template" "Mozilla/5.0 (Windows NT 10.0; Win64; x64) AppleWebKit/537.36 (KHTML, like Gecko) Chrome/116.0.0.0 Safari/537.36 OPR/102.0.0.0"
::ffff:192.168.31.221 - - [06/Oct/2023:06:30:08 +0000] "POST /gc/playout HTTP/1.1" 200 - "http://192.168.31.221:5656/gc/template/template" "Mozilla/5.0 (Windows NT 10.0; Win64; x64) AppleWebKit/537.36 (KHTML, like Gecko) Chrome/116.0.0.0 Safari/537.36 OPR/102.0.0.0"
::ffff:192.168.31.221 - - [06/Oct/2023:06:30:10 +0000] "POST /gc/playout HTTP/1.1" 200 - "http://192.168.31.221:5656/gc/template/template" "Mozilla/5.0 (Windows NT 10.0; Win64; x64) AppleWebKit/537.36 (KHTML, like Gecko) Chrome/116.0.0.0 Safari/537.36 OPR/102.0.0.0"
::ffff:192.168.31.221 - - [06/Oct/2023:06:30:26 +0000] "POST /gc/playout HTTP/1.1" 200 - "http://192.168.31.221:5656/gc/template/template" "Mozilla/5.0 (Windows NT 10.0; Win64; x64) AppleWebKit/537.36 (KHTML, like Gecko) Chrome/116.0.0.0 Safari/537.36 OPR/102.0.0.0"
::ffff:192.168.31.221 - - [06/Oct/2023:06:30:27 +0000] "POST /gc/playout HTTP/1.1" 200 - "http://192.168.31.221:5656/gc/template/template" "Mozilla/5.0 (Windows NT 10.0; Win64; x64) AppleWebKit/537.36 (KHTML, like Gecko) Chrome/116.0.0.0 Safari/537.36 OPR/102.0.0.0"
::ffff:192.168.31.221 - - [06/Oct/2023:06:30:37 +0000] "POST /gc/playout HTTP/1.1" 200 - "http://192.168.31.221:5656/gc/template/template" "Mozilla/5.0 (Windows NT 10.0; Win64; x64) AppleWebKit/537.36 (KHTML, like Gecko) Chrome/116.0.0.0 Safari/537.36 OPR/102.0.0.0"
::ffff:192.168.31.221 - - [06/Oct/2023:06:30:38 +0000] "POST /gc/playout HTTP/1.1" 200 - "http://192.168.31.221:5656/gc/template/template" "Mozilla/5.0 (Windows NT 10.0; Win64; x64) AppleWebKit/537.36 (KHTML, like Gecko) Chrome/116.0.0.0 Safari/537.36 OPR/102.0.0.0"
::ffff:192.168.31.221 - - [06/Oct/2023:06:30:47 +0000] "POST /gc/playout HTTP/1.1" 200 - "http://192.168.31.221:5656/gc/template/template" "Mozilla/5.0 (Windows NT 10.0; Win64; x64) AppleWebKit/537.36 (KHTML, like Gecko) Chrome/116.0.0.0 Safari/537.36 OPR/102.0.0.0"
::ffff:192.168.31.221 - - [06/Oct/2023:06:30:48 +0000] "POST /gc/playout HTTP/1.1" 200 - "http://192.168.31.221:5656/gc/template/template" "Mozilla/5.0 (Windows NT 10.0; Win64; x64) AppleWebKit/537.36 (KHTML, like Gecko) Chrome/116.0.0.0 Safari/537.36 OPR/102.0.0.0"
::ffff:192.168.31.221 - - [06/Oct/2023:06:30:52 +0000] "GET /shows HTTP/1.1" 200 12209 "http://192.168.31.221:5656/gc/template/template" "Mozilla/5.0 (Windows NT 10.0; Win64; x64) AppleWebKit/537.36 (KHTML, like Gecko) Chrome/116.0.0.0 Safari/537.36 OPR/102.0.0.0"
::ffff:192.168.31.221 - - [06/Oct/2023:06:30:52 +0000] "GET /js/axios.min.js HTTP/1.1" 304 - "http://192.168.31.221:5656/shows" "Mozilla/5.0 (Windows NT 10.0; Win64; x64) AppleWebKit/537.36 (KHTML, like Gecko) Chrome/116.0.0.0 Safari/537.36 OPR/102.0.0.0"
::ffff:192.168.31.221 - - [06/Oct/2023:06:30:52 +0000] "GET /js/fontawesome.all.min.js HTTP/1.1" 304 - "http://192.168.31.221:5656/shows" "Mozilla/5.0 (Windows NT 10.0; Win64; x64) AppleWebKit/537.36 (KHTML, like Gecko) Chrome/116.0.0.0 Safari/537.36 OPR/102.0.0.0"
::ffff:192.168.31.221 - - [06/Oct/2023:06:30:52 +0000] "GET /css/spx_fonts.css HTTP/1.1" 304 - "http://192.168.31.221:5656/shows" "Mozilla/5.0 (Windows NT 10.0; Win64; x64) AppleWebKit/537.36 (KHTML, like Gecko) Chrome/116.0.0.0 Safari/537.36 OPR/102.0.0.0"
::ffff:192.168.31.221 - - [06/Oct/2023:06:30:52 +0000] "GET /css/spx_layout.css HTTP/1.1" 304 - "http://192.168.31.221:5656/shows" "Mozilla/5.0 (Windows NT 10.0; Win64; x64) AppleWebKit/537.36 (KHTML, like Gecko) Chrome/116.0.0.0 Safari/537.36 OPR/102.0.0.0"
::ffff:192.168.31.221 - - [06/Oct/2023:06:30:52 +0000] "GET /css/spx_forms.css HTTP/1.1" 304 - "http://192.168.31.221:5656/shows" "Mozilla/5.0 (Windows NT 10.0; Win64; x64) AppleWebKit/537.36 (KHTML, like Gecko) Chrome/116.0.0.0 Safari/537.36 OPR/102.0.0.0"
::ffff:192.168.31.221 - - [06/Oct/2023:06:30:52 +0000] "GET /css/spx_colors.css HTTP/1.1" 304 - "http://192.168.31.221:5656/shows" "Mozilla/5.0 (Windows NT 10.0; Win64; x64) AppleWebKit/537.36 (KHTML, like Gecko) Chrome/116.0.0.0 Safari/537.36 OPR/102.0.0.0"
::ffff:192.168.31.221 - - [06/Oct/2023:06:30:52 +0000] "GET /img/spx_online.png HTTP/1.1" 304 - "http://192.168.31.221:5656/shows" "Mozilla/5.0 (Windows NT 10.0; Win64; x64) AppleWebKit/537.36 (KHTML, like Gecko) Chrome/116.0.0.0 Safari/537.36 OPR/102.0.0.0"
::ffff:192.168.31.221 - - [06/Oct/2023:06:30:52 +0000] "GET /img/spx_offline.png HTTP/1.1" 404 158 "http://192.168.31.221:5656/shows" "Mozilla/5.0 (Windows NT 10.0; Win64; x64) AppleWebKit/537.36 (KHTML, like Gecko) Chrome/116.0.0.0 Safari/537.36 OPR/102.0.0.0"
::ffff:192.168.31.221 - - [06/Oct/2023:06:30:54 +0000] "GET /show/templte2 HTTP/1.1" 200 13984 "http://192.168.31.221:5656/shows" "Mozilla/5.0 (Windows NT 10.0; Win64; x64) AppleWebKit/537.36 (KHTML, like Gecko) Chrome/116.0.0.0 Safari/537.36 OPR/102.0.0.0"
::ffff:192.168.31.221 - - [06/Oct/2023:06:30:54 +0000] "GET /js/axios.min.js HTTP/1.1" 304 - "http://192.168.31.221:5656/show/templte2" "Mozilla/5.0 (Windows NT 10.0; Win64; x64) AppleWebKit/537.36 (KHTML, like Gecko) Chrome/116.0.0.0 Safari/537.36 OPR/102.0.0.0"
::ffff:192.168.31.221 - - [06/Oct/2023:06:30:54 +0000] "GET /js/fontawesome.all.min.js HTTP/1.1" 304 - "http://192.168.31.221:5656/show/templte2" "Mozilla/5.0 (Windows NT 10.0; Win64; x64) AppleWebKit/537.36 (KHTML, like Gecko) Chrome/116.0.0.0 Safari/537.36 OPR/102.0.0.0"
::ffff:192.168.31.221 - - [06/Oct/2023:06:30:54 +0000] "GET /js/anime.min.js HTTP/1.1" 304 - "http://192.168.31.221:5656/show/templte2" "Mozilla/5.0 (Windows NT 10.0; Win64; x64) AppleWebKit/537.36 (KHTML, like Gecko) Chrome/116.0.0.0 Safari/537.36 OPR/102.0.0.0"
::ffff:192.168.31.221 - - [06/Oct/2023:06:30:54 +0000] "GET /js/socket.io.js HTTP/1.1" 304 - "http://192.168.31.221:5656/show/templte2" "Mozilla/5.0 (Windows NT 10.0; Win64; x64) AppleWebKit/537.36 (KHTML, like Gecko) Chrome/116.0.0.0 Safari/537.36 OPR/102.0.0.0"
::ffff:192.168.31.221 - - [06/Oct/2023:06:30:54 +0000] "GET /css/spx_layout.css HTTP/1.1" 304 - "http://192.168.31.221:5656/show/templte2" "Mozilla/5.0 (Windows NT 10.0; Win64; x64) AppleWebKit/537.36 (KHTML, like Gecko) Chrome/116.0.0.0 Safari/537.36 OPR/102.0.0.0"
::ffff:192.168.31.221 - - [06/Oct/2023:06:30:54 +0000] "GET /css/spx_colors.css HTTP/1.1" 304 - "http://192.168.31.221:5656/show/templte2" "Mozilla/5.0 (Windows NT 10.0; Win64; x64) AppleWebKit/537.36 (KHTML, like Gecko) Chrome/116.0.0.0 Safari/537.36 OPR/102.0.0.0"
::ffff:192.168.31.221 - - [06/Oct/2023:06:30:55 +0000] "GET /img/spx_offline.png HTTP/1.1" 404 158 "http://192.168.31.221:5656/show/templte2" "Mozilla/5.0 (Windows NT 10.0; Win64; x64) AppleWebKit/537.36 (KHTML, like Gecko) Chrome/116.0.0.0 Safari/537.36 OPR/102.0.0.0"
::ffff:192.168.31.221 - - [06/Oct/2023:06:30:55 +0000] "GET /img/spx_online.png HTTP/1.1" 304 - "http://192.168.31.221:5656/show/templte2" "Mozilla/5.0 (Windows NT 10.0; Win64; x64) AppleWebKit/537.36 (KHTML, like Gecko) Chrome/116.0.0.0 Safari/537.36 OPR/102.0.0.0"
::ffff:192.168.31.221 - - [06/Oct/2023:06:30:57 +0000] "GET /gc/templte2/temple2 HTTP/1.1" 200 212844 "http://192.168.31.221:5656/show/templte2" "Mozilla/5.0 (Windows NT 10.0; Win64; x64) AppleWebKit/537.36 (KHTML, like Gecko) Chrome/116.0.0.0 Safari/537.36 OPR/102.0.0.0"
::ffff:192.168.31.221 - - [06/Oct/2023:06:30:57 +0000] "GET /js/axios.min.js HTTP/1.1" 304 - "http://192.168.31.221:5656/gc/templte2/temple2" "Mozilla/5.0 (Windows NT 10.0; Win64; x64) AppleWebKit/537.36 (KHTML, like Gecko) Chrome/116.0.0.0 Safari/537.36 OPR/102.0.0.0"
::ffff:192.168.31.221 - - [06/Oct/2023:06:30:57 +0000] "GET /js/fontawesome.all.min.js HTTP/1.1" 304 - "http://192.168.31.221:5656/gc/templte2/temple2" "Mozilla/5.0 (Windows NT 10.0; Win64; x64) AppleWebKit/537.36 (KHTML, like Gecko) Chrome/116.0.0.0 Safari/537.36 OPR/102.0.0.0"
::ffff:192.168.31.221 - - [06/Oct/2023:06:30:57 +0000] "GET /css/spx_layout.css HTTP/1.1" 304 - "http://192.168.31.221:5656/gc/templte2/temple2" "Mozilla/5.0 (Windows NT 10.0; Win64; x64) AppleWebKit/537.36 (KHTML, like Gecko) Chrome/116.0.0.0 Safari/537.36 OPR/102.0.0.0"
::ffff:192.168.31.221 - - [06/Oct/2023:06:30:57 +0000] "GET /css/vanilla-js-tooltip.css HTTP/1.1" 304 - "http://192.168.31.221:5656/gc/templte2/temple2" "Mozilla/5.0 (Windows NT 10.0; Win64; x64) AppleWebKit/537.36 (KHTML, like Gecko) Chrome/116.0.0.0 Safari/537.36 OPR/102.0.0.0"
::ffff:192.168.31.221 - - [06/Oct/2023:06:30:57 +0000] "GET /css/vanilla-picker.csp.css HTTP/1.1" 304 - "http://192.168.31.221:5656/gc/templte2/temple2" "Mozilla/5.0 (Windows NT 10.0; Win64; x64) AppleWebKit/537.36 (KHTML, like Gecko) Chrome/116.0.0.0 Safari/537.36 OPR/102.0.0.0"
::ffff:192.168.31.221 - - [06/Oct/2023:06:30:57 +0000] "GET /js/lib/vanilla-picker.csp.min.js HTTP/1.1" 304 - "http://192.168.31.221:5656/gc/templte2/temple2" "Mozilla/5.0 (Windows NT 10.0; Win64; x64) AppleWebKit/537.36 (KHTML, like Gecko) Chrome/116.0.0.0 Safari/537.36 OPR/102.0.0.0"
::ffff:192.168.31.221 - - [06/Oct/2023:06:30:57 +0000] "GET /img/storeicon.png HTTP/1.1" 304 - "http://192.168.31.221:5656/gc/templte2/temple2" "Mozilla/5.0 (Windows NT 10.0; Win64; x64) AppleWebKit/537.36 (KHTML, like Gecko) Chrome/116.0.0.0 Safari/537.36 OPR/102.0.0.0"
::ffff:192.168.31.221 - - [06/Oct/2023:06:30:57 +0000] "GET /img/spx_online.png HTTP/1.1" 304 - "http://192.168.31.221:5656/gc/templte2/temple2" "Mozilla/5.0 (Windows NT 10.0; Win64; x64) AppleWebKit/537.36 (KHTML, like Gecko) Chrome/116.0.0.0 Safari/537.36 OPR/102.0.0.0"
::ffff:192.168.31.221 - - [06/Oct/2023:06:30:57 +0000] "GET /img/spx_offline.png HTTP/1.1" 404 158 "http://192.168.31.221:5656/gc/templte2/temple2" "Mozilla/5.0 (Windows NT 10.0; Win64; x64) AppleWebKit/537.36 (KHTML, like Gecko) Chrome/116.0.0.0 Safari/537.36 OPR/102.0.0.0"
::ffff:192.168.31.221 - - [06/Oct/2023:06:30:58 +0000] "GET /renderer/ HTTP/1.1" 304 - "http://192.168.31.221:5656/gc/templte2/temple2" "Mozilla/5.0 (Windows NT 10.0; Win64; x64) AppleWebKit/537.36 (KHTML, like Gecko) Chrome/116.0.0.0 Safari/537.36 OPR/102.0.0.0"
